DEFINED_startup                 = $0001 ; const, local, , z80_crt_asm_m4, , /home/derek/BEETLE/Derek/dev/Spectrum/DevelopmentTools/Z88DK//z88dk/lib/config/../..//libsrc/_DEVELOPMENT/target/z80/z80_crt.asm.m4:8
startup                         = $001F ; const, local, , z80_crt_asm_m4, , /home/derek/BEETLE/Derek/dev/Spectrum/DevelopmentTools/Z88DK//z88dk/lib/config/../..//libsrc/_DEVELOPMENT/target/z80/z80_crt.asm.m4:9
DEFINED_CRT_ORG_CODE            = $0001 ; const, local, , z80_crt_asm_m4, , /home/derek/BEETLE/Derek/dev/Spectrum/DevelopmentTools/Z88DK//z88dk/lib/config/../..//libsrc/_DEVELOPMENT/target/z80/z80_crt.asm.m4:16
CRT_ORG_CODE                    = $0000 ; const, local, , z80_crt_asm_m4, , /home/derek/BEETLE/Derek/dev/Spectrum/DevelopmentTools/Z88DK//z88dk/lib/config/../..//libsrc/_DEVELOPMENT/target/z80/z80_crt.asm.m4:17
DEFINED_CRT_INCLUDE_PREAMBLE    = $0001 ; const, local, , z80_crt_asm_m4, , /home/derek/BEETLE/Derek/dev/Spectrum/DevelopmentTools/Z88DK//z88dk/lib/config/../..//libsrc/_DEVELOPMENT/target/z80/z80_crt.asm.m4:24
CRT_INCLUDE_PREAMBLE            = $0000 ; const, local, , z80_crt_asm_m4, , /home/derek/BEETLE/Derek/dev/Spectrum/DevelopmentTools/Z88DK//z88dk/lib/config/../..//libsrc/_DEVELOPMENT/target/z80/z80_crt.asm.m4:25
DEFINED_CRT_MODEL               = $0001 ; const, local, , z80_crt_asm_m4, , /home/derek/BEETLE/Derek/dev/Spectrum/DevelopmentTools/Z88DK//z88dk/lib/config/../..//libsrc/_DEVELOPMENT/target/z80/z80_crt.asm.m4:32
CRT_MODEL                       = $0000 ; const, local, , z80_crt_asm_m4, , /home/derek/BEETLE/Derek/dev/Spectrum/DevelopmentTools/Z88DK//z88dk/lib/config/../..//libsrc/_DEVELOPMENT/target/z80/z80_crt.asm.m4:33
DEFINED_REGISTER_SP             = $0001 ; const, local, , z80_crt_asm_m4, , /home/derek/BEETLE/Derek/dev/Spectrum/DevelopmentTools/Z88DK//z88dk/lib/config/../..//libsrc/_DEVELOPMENT/target/z80/z80_crt.asm.m4:40
REGISTER_SP                     = $7FFF ; const, local, , z80_crt_asm_m4, , /home/derek/BEETLE/Derek/dev/Spectrum/DevelopmentTools/Z88DK//z88dk/lib/config/../..//libsrc/_DEVELOPMENT/target/z80/z80_crt.asm.m4:41
DEFINED_CLIB_MALLOC_HEAP_SIZE   = $0001 ; const, local, , z80_crt_asm_m4, , /home/derek/BEETLE/Derek/dev/Spectrum/DevelopmentTools/Z88DK//z88dk/lib/config/../..//libsrc/_DEVELOPMENT/target/z80/z80_crt.asm.m4:48
CLIB_MALLOC_HEAP_SIZE           = $0000 ; const, local, , z80_crt_asm_m4, , /home/derek/BEETLE/Derek/dev/Spectrum/DevelopmentTools/Z88DK//z88dk/lib/config/../..//libsrc/_DEVELOPMENT/target/z80/z80_crt.asm.m4:49
DEFINED_CLIB_STDIO_HEAP_SIZE    = $0001 ; const, local, , z80_crt_asm_m4, , /home/derek/BEETLE/Derek/dev/Spectrum/DevelopmentTools/Z88DK//z88dk/lib/config/../..//libsrc/_DEVELOPMENT/target/z80/z80_crt.asm.m4:56
CLIB_STDIO_HEAP_SIZE            = $0000 ; const, local, , z80_crt_asm_m4, , /home/derek/BEETLE/Derek/dev/Spectrum/DevelopmentTools/Z88DK//z88dk/lib/config/../..//libsrc/_DEVELOPMENT/target/z80/z80_crt.asm.m4:57
DEFINED_CRT_ORG_VECTOR_TABLE    = $0001 ; const, local, , z80_crt_asm_m4, , /home/derek/BEETLE/Derek/dev/Spectrum/DevelopmentTools/Z88DK//z88dk/lib/config/../..//libsrc/_DEVELOPMENT/target/z80/z80_crt.asm.m4:64
CRT_ORG_VECTOR_TABLE            = $0000 ; const, local, , z80_crt_asm_m4, , /home/derek/BEETLE/Derek/dev/Spectrum/DevelopmentTools/Z88DK//z88dk/lib/config/../..//libsrc/_DEVELOPMENT/target/z80/z80_crt.asm.m4:65
DEFINED_CRT_ENABLE_RST          = $0001 ; const, local, , z80_crt_asm_m4, , /home/derek/BEETLE/Derek/dev/Spectrum/DevelopmentTools/Z88DK//z88dk/lib/config/../..//libsrc/_DEVELOPMENT/target/z80/z80_crt.asm.m4:72
CRT_ENABLE_RST                  = $0000 ; const, local, , z80_crt_asm_m4, , /home/derek/BEETLE/Derek/dev/Spectrum/DevelopmentTools/Z88DK//z88dk/lib/config/../..//libsrc/_DEVELOPMENT/target/z80/z80_crt.asm.m4:73
DEFINED_CRT_ENABLE_EIDI         = $0001 ; const, local, , z80_crt_asm_m4, , /home/derek/BEETLE/Derek/dev/Spectrum/DevelopmentTools/Z88DK//z88dk/lib/config/../..//libsrc/_DEVELOPMENT/target/z80/z80_crt.asm.m4:80
CRT_ENABLE_EIDI                 = $0001 ; const, local, , z80_crt_asm_m4, , /home/derek/BEETLE/Derek/dev/Spectrum/DevelopmentTools/Z88DK//z88dk/lib/config/../..//libsrc/_DEVELOPMENT/target/z80/z80_crt.asm.m4:81
DEFINED_CRT_INTERRUPT_MODE      = $0001 ; const, local, , z80_crt_asm_m4, , /home/derek/BEETLE/Derek/dev/Spectrum/DevelopmentTools/Z88DK//z88dk/lib/config/../..//libsrc/_DEVELOPMENT/target/z80/z80_crt.asm.m4:88
CRT_INTERRUPT_MODE              = $FFFFFFFFFFFFFFFF ; const, local, , z80_crt_asm_m4, , /home/derek/BEETLE/Derek/dev/Spectrum/DevelopmentTools/Z88DK//z88dk/lib/config/../..//libsrc/_DEVELOPMENT/target/z80/z80_crt.asm.m4:89
l_main_00105                    = $0001 ; addr, local, , switcher_c, code_compiler, switcher.c:549
l_main_00102                    = $000B ; addr, local, , switcher_c, code_compiler, switcher.c:557
l_main_00103                    = $0010 ; addr, local, , switcher_c, code_compiler, switcher.c:561
_main                           = $0000 ; addr, public, , switcher_c, code_compiler, switcher.c:545
__head                          = $0000 ; const, public, def, , ,
__tail                          = $0017 ; const, public, def, , ,
__size                          = $0017 ; const, public, def, , ,
__bss_compiler_head             = $0000 ; const, public, def, , ,
__bss_compiler_tail             = $0000 ; const, public, def, , ,
__bss_compiler_size             = $0000 ; const, public, def, , ,
__IGNORE_head                   = $0000 ; const, public, def, , ,
__IGNORE_tail                   = $0000 ; const, public, def, , ,
__IGNORE_size                   = $0000 ; const, public, def, , ,
__code_crt_init_head            = $0000 ; const, public, def, , ,
__code_crt_init_tail            = $0000 ; const, public, def, , ,
__code_crt_init_size            = $0000 ; const, public, def, , ,
__code_compiler_head            = $0000 ; const, public, def, , ,
__code_compiler_tail            = $0017 ; const, public, def, , ,
__code_compiler_size            = $0017 ; const, public, def, , ,
